配置：
git config --list
git config --global user.name 'SnowmanNunu'
git config --global user.email '####@gmail.com'

删命令:
git config  --global --unset configName   (只针对存在唯一值的情况)


 使用git在本地创建一个项目的过程
    $ makdir ~/hello-world    //创建一个项目hello-world
    $ cd ~/hello-world       //打开这个项目
    $ git init             //初始化 
    $ touch README
    $ git add README        //更新README文件
    $ git commit -m 'first commit'     //提交更新，并注释信息“first commit” 
    $ git remote add origin git@github.com:defnngj/hello-world.git     //连接远程github项目  
    $ git push -u origin master     //将本地项目更新到github项目上去

kill 当前进程
使用快捷键 ctrl+c或ctrl+z就可以解决,也可以将进程Kill掉。


版本回退
$ git reset --hard HEAD^
上一个版本就是HEAD^，上上一个版本就是HEAD^^，当然往上100个版本写HEAD~100


    HEAD指向的版本就是当前版本，因此，Git允许我们在版本的历史之间穿梭，使用命令git reset --hard commit_id。

    穿梭前，用git log可以查看提交历史，以便确定要回退到哪个版本。

    要重返未来，用git reflog查看命令历史，以便确定要回到未来的哪个版本。

589623d (HEAD -> master) HEAD@{0}: reset: moving to HEAD^^
cb53141 HEAD@{1}: commit: reset3
3ec4984 HEAD@{2}: commit: reset2
589623d (HEAD -> master) HEAD@{3}: commit: reset1
f0ed3eb HEAD@{4}: reset: moving to HEAD^


反正就是很多操作提交记录，我们只需要根据提交的信息找到commit id就可以了。

然后执行git reset --hard id

用git diff HEAD -- readme.txt命令可以查看工作区和版本库里面最新版本的区别

丢弃工作区的修改   
1.当你改乱了工作区某个文件的内容，想直接丢弃工作区的修改时，用命令git checkout -- file
2. 当你不但改乱了工作区某个文件的内容，还添加到了暂存区时，想丢弃修改，分两步，第一步用命令git reset HEAD file，就回到了场景1，第二步按场景1操作。

$ git checkout -- readme.txt
$ git status
# On branch master
nothing to commit (working directory clean)

从版本库中删除该文件，那就用命令git rm删掉，并且git commit：
$ git rm test.txt
rm 'test.txt'
$ git commit -m "remove test.txt"


1.Git常见错误与操作：error: src refspec master does not match any解决办法

一、 出现错误 error:src refspec master does not match any

原因分析：

引起该错误的原因是目录中没有文件，空目录是不能提交上去的

解决办法：

[html] view plain copy

    $ touch README  
    $ git add README  
    $ git commit Cm’first commit’  
    $ git push origin master  


git 分支
首先，我们创建dev分支，然后切换到dev分支：

$ git checkout -b dev
Switched to a new branch 'dev'

git checkout命令加上-b参数表示创建并切换，相当于以下两条命令：

$ git branch dev
$ git checkout dev
Switched to branch 'dev'

2.Git鼓励大量使用分支：

查看分支：git branch

创建分支：git branch <name>

切换分支：git checkout <name>

创建+切换分支：git checkout -b <name>

合并某分支到当前分支：git merge <name>

删除分支：git branch -d <name>



 3.多人协作模式管理
    查看远程库信息，使用git remote -v；

    本地新建的分支如果不推送到远程，对其他人就是不可见的；

    从本地推送分支，使用git push origin branch-name，如果推送失败，先用git pull抓取远程的新提交；

    在本地创建和远程分支对应的分支，使用git checkout -b branch-name origin/branch-name，本地和远程分支的名称最好一致；

    建立本地分支和远程分支的关联，使用git branch --set-upstream branch-name origin/branch-name；

    从远程抓取分支，使用git pull，如果有冲突，要先处理冲突。


4. 解决合并的冲突

把issue2分支和issue3分支的修改合并到master。

切换master分支后，与issue2分支合并。

$ git checkout master

$ git merge issue2

$ git add readme.txt
$ git commit -m "合并dev分支"

$git push
# On branch master
nothing to commit (working directory clean)

5.
1使用强制push的方法：

$ git push -u origin master -f 

这样会使远程修改丢失，一般是不可取的，尤其是多人协作开发的时候。

2.push前先将远程repository修改pull下来

$ git pull origin master

$ git push -u origin master

3.若不想merge远程和本地修改，可以先创建新的分支：

$ git branch [name]

然后push

$ git push -u origin [name]


git修改远程仓库地址的三种方法

直接命令修改

git remote set-url origin [url]
命令，先删除后设新地址

git remote rm origin 
git remote add origin [url]



//laravel  安装
composer create-project laravel/laravel  project-name --prefer-dist

 创建一个名为 blog 的 Laravel 项目
? composer create-project laravel/laravel blog --prefer-dist


CREATE
从远程仓库获取代码

$ git clone ssh://user@domain.com/repo.git
初始化本地仓库

$ git init
LOCAL CHANGES
查看仓库的状态,(显示已改动的文件)

$ git status
比较工作区与最新本地版本库

$ git diff 
$ git diff <fileName>
添加所有变化（新增 new、修改 modified、删除 deleted）到暂存区

$ git add -A 
添加所有变化（新增 new、修改 modified）到暂存区，不包括被删除(deleted)文件

$ git add .
添加修改(modified)和被删除(deleted)文件，不包括新文件(new)也就是不是被追踪文件（untracked）

$ git add -u
添加文件内某些改动到暂存区

$ git add -p <file>
提交所有的放在暂存区的文件和已经修改（不在暂存区）的文件，且问件是要被追踪（tracked）的

$ git commit -a
提交所有被在暂存区的问件

$ git commit
修改上一次提交日志

$ git commit --amend
COMMIT HISTORY
查看提交日志

$ git log
跟踪查看某个文件的历史修改记录

$ git log -p <file>
查看文件是谁什么时候修改什么地方

$ git blame <file>
BRANCHES & TAGS
查看所有分支（包括远程分支）

$ git branch -a
查看所有分支（包括远程分支）和最后一次提交日志

$ git branch -av
切换分支

$ git checkout <branch>
新建分支，不带old-branch为默认在当前分支上建立新分支

$ git branch <new-branch> <old-branch>
新建并且换分支

$ git checkout -b <new-branch>
删除分支，先切换其他分支再删除

$ git branch -d  <branch>
删除远程分支

$ git push origin --delete <branch>
查看标签

$ git tag
新建标签

$ git tag <tag-name>
删除标签

$ git tag -d <tag-name>
推送标签到远程

$ git push origin tagname
$ git push origin --tags
UPDATE & PUBLISH
列出所有的仓库地址

$ git remote -v
查看某个仓库的信息

$ git remote show <remote>
添加仓库地址

$ git remote add <shortname> <url>
从远程更新代码到本地但不合并

$ git fetch <remote>
从远程更新代码到本地且合并

$ git pull <remote> <branch>
发布到远程地址

$ git push <remote> <branch>
删除远程地址分支

$ git branch -dr <remote/branch>
上传标签

$ git push --tags
MERGE & REBASE
合并目标分支到本地分支

$ git merge <branch>
合并分支，但是不合并提交记录（commit），rebase合并如果有冲突则一个一个文件的去合并解决冲突

$ git rebase <branch>
合并终止

$ git rebase --abort
继续合并

$ git rebase --continue
使用配置的合并工具来解决冲突

$ git mergetool
添加已手动合并的文件

$ git add <resolved-file>
删除已手动合并的文件

$ git rm <resolved-file>
UNDO
回退到最近一个提交

$ git reset --hard HEAD
回退到上一次提交（倒数第二次）

$ git reset --hard HEAD^
回退某次提交的某个文件

$ git checkout HEAD <file>
回退到某个提交，但是不删除commit

$ git revert <commit>
彻底回退到某个提交（commit和代码都回退了）

$ git reset --hard <commit>
回退到某个提交（commit回退，代码保留）

$ git reset <commit>
回退到某个提交，并保留以更改的文件

$ git reset --keep <commit>
SUBMODULE
添加子模块

$ git submodule add https://github.com/xxxxxx/Test
克隆你有子模块的项目

// 方法一
$ git clone https://github.com/xxxxxx/MainProject    
$ cd MainProject                //  子模块目录Test没有文件
$ cd Test
$ git submodule init
$ git submodule update     // 执行完后就有子模块的代码了

//方法二
// 自动更新子模块中的代码
$ git clone --recurse-submodules https://github.com/xxxxxx/MainProject
合并两个不同的项目
// 需使用 `--allow-unrelated-histories`
// 将远程master项目合并到你本地项目
$ git pull origin master --allow-unrelated-histories
